1785536195782
1785536195984
1785536196188
1785536196392
1785536196594
1785536196797
1785536196999
1785536197203
1785536197407
1785536197610
1785536197813
1785536198015
1785536198219
1785536198421
1785536198625
1785536198826
1785536199029
1785536199231
1785536199436
1785536199639
1785536199843
1785536200046
1785536200249
1785536200453
1785536200656
1785536200859
1785536201061
1785536201263
1785536201466
1785536201668
1785536201869
1785536202071
1785536202274
1785536202477
1785536202679
1785536202881
