1785528307195
1785528307395
1785528307596
1785528307797
1785528307997
1785528308198
1785528308399
1785528308599
1785528308800
1785528309001
1785528309201
1785528309402
1785528309603
1785528309803
1785528310004
1785528310204
1785528310405
1785528310605
1785528310806
1785528311007
1785528311207
1785528311408
1785528311609
1785528311809
1785528312010
1785528312211
1785528312412
1785528312612
1785528312813
1785528313014
1785528313214
1785528313415
1785528313615
1785528313816
1785528314016
1785528314217
