1785538401648
1785538401855
1785538402056
1785538402257
1785538402457
1785538402658
1785538402858
1785538403059
1785538403260
1785538403461
1785538403662
1785538403863
1785538404063
1785538404264
1785538404464
1785538404665
1785538404866
1785538405066
1785538405267
1785538405467
1785538405668
1785538405869
1785538406069
1785538406270
1785538406470
1785538406671
1785538406872
1785538407072
1785538407273
1785538407474
1785538407674
1785538407875
1785538408075
1785538408276
1785538408476
1785538408677
