1785467996033
1785467996234
1785467996434
1785467996635
1785467996836
1785467997036
1785467997237
1785467997438
1785467997639
1785467997840
1785467998041
1785467998241
1785467998442
1785467998642
1785467998843
1785467999044
1785467999244
1785467999445
1785467999644
1785467999845
1785468000046
1785468000246
1785468000447
1785468000648
1785468000848
1785468001049
1785468001249
1785468001450
1785468001651
1785468001851
1785468002052
1785468002252
1785468002453
1785468002654
1785468002854
1785468003055
